>engine marzano(0.1)
#^^^^^^ source.gritql keyword.control.directive.engine.gritql
#      ^ source.gritql
#       ^^^^^^^ source.gritql support.constant.engine.gritql
#              ^ source.gritql punctuation.section.parens.begin.gritql
#               ^^^ source.gritql constant.numeric.float.gritql
#                  ^ source.gritql punctuation.section.parens.end.gritql
>language js
#^^^^^^^^ source.gritql keyword.control.directive.language.gritql
#        ^ source.gritql
#         ^^ source.gritql support.constant.language.gritql
>
>`function $foo() { $body }` where {
#^ source.gritql string.quoted.other.snippet.gritql punctuation.definition.string.begin.gritql
# ^^^^^^^^^ source.gritql string.quoted.other.snippet.gritql
#          ^^^^ source.gritql string.quoted.other.snippet.gritql variable.other.gritql
#              ^^^^^ source.gritql string.quoted.other.snippet.gritql
#                   ^^^^^ source.gritql string.quoted.other.snippet.gritql variable.other.gritql
#                        ^^ source.gritql string.quoted.other.snippet.gritql
#                          ^ source.gritql string.quoted.other.snippet.gritql punctuation.definition.string.end.gritql
#                           ^ source.gritql
#                            ^^^^^ source.gritql keyword.control.gritql
#                                 ^ source.gritql
#                                  ^ source.gritql punctuation.section.braces.begin.gritql
>    maybe false,
#^^^^ source.gritql
#    ^^^^^ source.gritql keyword.operator.word.gritql
#         ^ source.gritql
#          ^^^^^ source.gritql constant.language.boolean.gritql
#               ^ source.gritql punctuation.separator.comma.gritql
>    maybe $body => `baz`,
#^^^^ source.gritql
#    ^^^^^ source.gritql keyword.operator.word.gritql
#         ^ source.gritql
#          ^^^^^ source.gritql variable.other.gritql
#               ^ source.gritql
#                ^^ source.gritql keyword.operator.rewrite.gritql
#                  ^ source.gritql
#                   ^ source.gritql string.quoted.other.snippet.gritql punctuation.definition.string.begin.gritql
#                    ^^^ source.gritql string.quoted.other.snippet.gritql
#                       ^ source.gritql string.quoted.other.snippet.gritql punctuation.definition.string.end.gritql
#                        ^ source.gritql punctuation.separator.comma.gritql
>    $foo => `bar`
#^^^^ source.gritql
#    ^^^^ source.gritql variable.other.gritql
#        ^ source.gritql
#         ^^ source.gritql keyword.operator.rewrite.gritql
#           ^ source.gritql
#            ^ source.gritql string.quoted.other.snippet.gritql punctuation.definition.string.begin.gritql
#             ^^^ source.gritql string.quoted.other.snippet.gritql
#                ^ source.gritql string.quoted.other.snippet.gritql punctuation.definition.string.end.gritql
>}
#^ source.gritql punctuation.section.braces.end.gritql
>