>language js
#^^^^^^^^ source.gritql keyword.control.directive.language.gritql
#        ^ source.gritql
#         ^^ source.gritql support.constant.language.gritql
>`const $x` where {
#^ source.gritql string.quoted.other.snippet.gritql punctuation.definition.string.begin.gritql
# ^^^^^^ source.gritql string.quoted.other.snippet.gritql
#       ^^ source.gritql string.quoted.other.snippet.gritql variable.other.gritql
#         ^ source.gritql string.quoted.other.snippet.gritql punctuation.definition.string.end.gritql
#          ^ source.gritql
#           ^^^^^ source.gritql keyword.control.gritql
#                ^ source.gritql
#                 ^ source.gritql punctuation.section.braces.begin.gritql
>    $x <: within range(start_line=2, end_line=3),
#^^^^ source.gritql
#    ^^ source.gritql variable.other.gritql
#      ^ source.gritql
#       ^^ source.gritql keyword.operator.match.gritql
#         ^ source.gritql
#          ^^^^^^ source.gritql keyword.operator.word.gritql
#                ^ source.gritql
#                 ^^^^^ source.gritql support.function.builtin.gritql
#                      ^ source.gritql punctuation.section.parens.begin.gritql
#                       ^^^^^^^^^^ source.gritql variable.parameter.gritql
#                                 ^ source.gritql keyword.operator.assignment.gritql
#                                  ^ source.gritql constant.numeric.integer.gritql
#                                   ^ source.gritql punctuation.separator.comma.gritql
#                                    ^ source.gritql
#                                     ^^^^^^^^ source.gritql variable.parameter.gritql
#                                             ^ source.gritql keyword.operator.assignment.gritql
#                                              ^ source.gritql constant.numeric.integer.gritql
#                                               ^ source.gritql punctuation.section.parens.end.gritql
#                                                ^ source.gritql punctuation.separator.comma.gritql
>    $x => `FOO = 5`
#^^^^ source.gritql
#    ^^ source.gritql variable.other.gritql
#      ^ source.gritql
#       ^^ source.gritql keyword.operator.rewrite.gritql
#         ^ source.gritql
#          ^ source.gritql string.quoted.other.snippet.gritql punctuation.definition.string.begin.gritql
#           ^^^^^^^ source.gritql string.quoted.other.snippet.gritql
#                  ^ source.gritql string.quoted.other.snippet.gritql punctuation.definition.string.end.gritql
>}
#^ source.gritql punctuation.section.braces.end.gritql
>