>`var $x = [$names]` => `var coolPeople = [$names]` where {
#^ source.gritql string.quoted.other.snippet.gritql punctuation.definition.string.begin.gritql
# ^^^^ source.gritql string.quoted.other.snippet.gritql
#     ^^ source.gritql string.quoted.other.snippet.gritql variable.other.gritql
#       ^^^^ source.gritql string.quoted.other.snippet.gritql
#           ^^^^^^ source.gritql string.quoted.other.snippet.gritql variable.other.gritql
#                 ^ source.gritql string.quoted.other.snippet.gritql
#                  ^ source.gritql string.quoted.other.snippet.gritql punctuation.definition.string.end.gritql
#                   ^ source.gritql
#                    ^^ source.gritql keyword.operator.rewrite.gritql
#                      ^ source.gritql
#                       ^ source.gritql string.quoted.other.snippet.gritql punctuation.definition.string.begin.gritql
#                        ^^^^^^^^^^^^^^^^^^ source.gritql string.quoted.other.snippet.gritql
#                                          ^^^^^^ source.gritql string.quoted.other.snippet.gritql variable.other.gritql
#                                                ^ source.gritql string.quoted.other.snippet.gritql
#                                                 ^ source.gritql string.quoted.other.snippet.gritql punctuation.definition.string.end.gritql
#                                                  ^ source.gritql
#                                                   ^^^^^ source.gritql keyword.control.gritql
#                                                        ^ source.gritql
#                                                         ^ source.gritql punctuation.section.braces.begin.gritql
>  $names <: every and {`"andrew"`, `"alex"`}
#^^ source.gritql
#  ^^^^^^ source.gritql variable.other.gritql
#        ^ source.gritql
#         ^^ source.gritql keyword.operator.match.gritql
#           ^ source.gritql
#            ^^^^^ source.gritql keyword.operator.word.gritql
#                 ^ source.gritql
#                  ^^^ source.gritql keyword.operator.word.gritql
#                     ^ source.gritql
#                      ^ source.gritql punctuation.section.braces.begin.gritql
#                       ^ source.gritql string.quoted.other.snippet.gritql punctuation.definition.string.begin.gritql
#                        ^^^^^^^^ source.gritql string.quoted.other.snippet.gritql
#                                ^ source.gritql string.quoted.other.snippet.gritql punctuation.definition.string.end.gritql
#                                 ^ source.gritql punctuation.separator.comma.gritql
#                                  ^ source.gritql
#                                   ^ source.gritql string.quoted.other.snippet.gritql punctuation.definition.string.begin.gritql
#                                    ^^^^^^ source.gritql string.quoted.other.snippet.gritql
#                                          ^ source.gritql string.quoted.other.snippet.gritql punctuation.definition.string.end.gritql
#                                           ^ source.gritql punctuation.section.braces.end.gritql
>}
#^ source.gritql punctuation.section.braces.end.gritql
>